// Jest Snapshot v1, https://goo.gl/fbAQLP

exports[`should match snapshot 1`] = `
<DocumentFragment>
  <p>
    Buying cheap shoes is not money saving. It's madness.
  </p>
</DocumentFragment>
`;
