// Jest Snapshot v1, https://goo.gl/fbAQLP

exports[`should match snapshot 1`] = `
<DocumentFragment>
  <nav>
    <ul
      class="list"
    >
      <li>
        <a
          href="/en/home"
        >
          Home
        </a>
      </li>
      <li>
        <a
          href="/en/guides-topics"
        >
          Guides & generic topics
        </a>
      </li>
      <li>
        <span
          aria-disabled="true"
          class="inactive"
        >
          Mixed
        </span>
      </li>
    </ul>
  </nav>
</DocumentFragment>
`;
