// Jest Snapshot v1, https://goo.gl/fbAQLP

exports[`snapshot difference in dark/light theme 1`] = `
Snapshot Diff:
- light theme
+ dark theme

- btn
+ darkBtn
`;
