// Jest Snapshot v1, https://goo.gl/fbAQLP

exports[`renders headers and social media icons 1`] = `
<p
  class="subtitle"
  style="opacity: 0; transform: translate3d(-20px, 0, 0);"
>
  subtitle
</p>
`;
